// Jest Snapshot v1, https://goo.gl/fbAQLP

exports[`markdown-it-plantuml renders graphs 1`] = `"<p><img src=\\"data:image/svg+xml,%3c%3fxml version='1.0' encoding='UTF-8' standalone='no'%3f%3e%3csvg xmlns='http://www.w3.org/2000/svg' xmlns:xlink='http://www.w3.org/1999/xlink' contentScriptType='application/ecmascript' contentStyleType='text/css' height='157px' preserveAspectRatio='none' style='width:113px%3bheight:157px%3b' version='1.1' viewBox='0 0 113 157' width='113px' zoomAndPan='magnify'%3e%3cdefs%3e%3cfilter height='300%25' id='f1tcy321nc19n5' width='300%25' x='-1' y='-1'%3e%3cfeGaussianBlur result='blurOut' stdDeviation='2.0'/%3e%3cfeColorMatrix in='blurOut' result='blurOut2' type='matrix' values='0 0 0 0 0 0 0 0 0 0 0 0 0 0 0 0 0 0 .4 0'/%3e%3cfeOffset dx='4.0' dy='4.0' in='blurOut2' result='blurOut3'/%3e%3cfeBlend in='SourceGraphic' in2='blurOut3' mode='normal'/%3e%3c/filter%3e%3c/defs%3e%3cg%3e%3cline style='stroke: %23A80036%3b stroke-width: 1.0%3b stroke-dasharray: 5.0%2c5.0%3b' x1='22' x2='22' y1='38.4883' y2='117.1094'/%3e%3cline style='stroke: %23A80036%3b stroke-width: 1.0%3b stroke-dasharray: 5.0%2c5.0%3b' x1='93' x2='93' y1='38.4883' y2='117.1094'/%3e%3crect fill='%23FEFECE' filter='url(%23f1tcy321nc19n5)' height='30.4883' style='stroke: %23A80036%3b stroke-width: 1.5%3b' width='24' x='8' y='3'/%3e%3ctext fill='black' font-family='sans-serif' font-size='14' lengthAdjust='spacingAndGlyphs' textLength='10' x='15' y='23.5352'%3eA%3c/text%3e%3crect fill='%23FEFECE' filter='url(%23f1tcy321nc19n5)' height='30.4883' style='stroke: %23A80036%3b stroke-width: 1.5%3b' width='24' x='8' y='116.1094'/%3e%3ctext fill='black' font-family='sans-serif' font-size='14' lengthAdjust='spacingAndGlyphs' textLength='10' x='15' y='136.6445'%3eA%3c/text%3e%3crect fill='%23FEFECE' filter='url(%23f1tcy321nc19n5)' height='30.4883' style='stroke: %23A80036%3b stroke-width: 1.5%3b' width='22' x='80' y='3'/%3e%3ctext fill='black' font-family='sans-serif' font-size='14' lengthAdjust='spacingAndGlyphs' textLength='8' x='87' y='23.5352'%3eB%3c/text%3e%3crect fill='%23FEFECE' filter='url(%23f1tcy321nc19n5)' height='30.4883' style='stroke: %23A80036%3b stroke-width: 1.5%3b' width='22' x='80' y='116.1094'/%3e%3ctext fill='black' font-family='sans-serif' font-size='14' lengthAdjust='spacingAndGlyphs' textLength='8' x='87' y='136.6445'%3eB%3c/text%3e%3cpolygon fill='%23A80036' points='81%2c65.7988%2c91%2c69.7988%2c81%2c73.7988%2c85%2c69.7988' style='stroke: %23A80036%3b stroke-width: 1.0%3b'/%3e%3cline style='stroke: %23A80036%3b stroke-width: 1.0%3b' x1='22' x2='87' y1='69.7988' y2='69.7988'/%3e%3ctext fill='black' font-family='sans-serif' font-size='13' lengthAdjust='spacingAndGlyphs' textLength='47' x='29' y='65.0566'%3erequest%3c/text%3e%3cpolygon fill='%23A80036' points='33%2c95.1094%2c23%2c99.1094%2c33%2c103.1094%2c29%2c99.1094' style='stroke: %23A80036%3b stroke-width: 1.0%3b'/%3e%3cline style='stroke: %23A80036%3b stroke-width: 1.0%3b stroke-dasharray: 2.0%2c2.0%3b' x1='27' x2='92' y1='99.1094' y2='99.1094'/%3e%3ctext fill='black' font-family='sans-serif' font-size='13' lengthAdjust='spacingAndGlyphs' textLength='22' x='39' y='94.3672'%3eack%3c/text%3e%3c/g%3e%3c/svg%3e\\" class=\\"markspec plantuml plantuml-uml\\" alt=\\"uml diagram\\"></p><p><img src=\\"data:image/svg+xml,%3c%3fxml version='1.0' encoding='UTF-8' standalone='no'%3f%3e%3csvg xmlns='http://www.w3.org/2000/svg' xmlns:xlink='http://www.w3.org/1999/xlink' contentScriptType='application/ecmascript' contentStyleType='text/css' height='157px' preserveAspectRatio='none' style='width:113px%3bheight:157px%3b' version='1.1' viewBox='0 0 113 157' width='113px' zoomAndPan='magnify'%3e%3cdefs%3e%3cfilter height='300%25' id='f1tcy321nc19n5' width='300%25' x='-1' y='-1'%3e%3cfeGaussianBlur result='blurOut' stdDeviation='2.0'/%3e%3cfeColorMatrix in='blurOut' result='blurOut2' type='matrix' values='0 0 0 0 0 0 0 0 0 0 0 0 0 0 0 0 0 0 .4 0'/%3e%3cfeOffset dx='4.0' dy='4.0' in='blurOut2' result='blurOut3'/%3e%3cfeBlend in='SourceGraphic' in2='blurOut3' mode='normal'/%3e%3c/filter%3e%3c/defs%3e%3cg%3e%3cline style='stroke: %23A80036%3b stroke-width: 1.0%3b stroke-dasharray: 5.0%2c5.0%3b' x1='22' x2='22' y1='38.4883' y2='117.1094'/%3e%3cline style='stroke: %23A80036%3b stroke-width: 1.0%3b stroke-dasharray: 5.0%2c5.0%3b' x1='93' x2='93' y1='38.4883' y2='117.1094'/%3e%3crect fill='%23FEFECE' filter='url(%23f1tcy321nc19n5)' height='30.4883' style='stroke: %23A80036%3b stroke-width: 1.5%3b' width='24' x='8' y='3'/%3e%3ctext fill='black' font-family='sans-serif' font-size='14' lengthAdjust='spacingAndGlyphs' textLength='10' x='15' y='23.5352'%3eA%3c/text%3e%3crect fill='%23FEFECE' filter='url(%23f1tcy321nc19n5)' height='30.4883' style='stroke: %23A80036%3b stroke-width: 1.5%3b' width='24' x='8' y='116.1094'/%3e%3ctext fill='black' font-family='sans-serif' font-size='14' lengthAdjust='spacingAndGlyphs' textLength='10' x='15' y='136.6445'%3eA%3c/text%3e%3crect fill='%23FEFECE' filter='url(%23f1tcy321nc19n5)' height='30.4883' style='stroke: %23A80036%3b stroke-width: 1.5%3b' width='22' x='80' y='3'/%3e%3ctext fill='black' font-family='sans-serif' font-size='14' lengthAdjust='spacingAndGlyphs' textLength='8' x='87' y='23.5352'%3eB%3c/text%3e%3crect fill='%23FEFECE' filter='url(%23f1tcy321nc19n5)' height='30.4883' style='stroke: %23A80036%3b stroke-width: 1.5%3b' width='22' x='80' y='116.1094'/%3e%3ctext fill='black' font-family='sans-serif' font-size='14' lengthAdjust='spacingAndGlyphs' textLength='8' x='87' y='136.6445'%3eB%3c/text%3e%3cpolygon fill='%23A80036' points='81%2c65.7988%2c91%2c69.7988%2c81%2c73.7988%2c85%2c69.7988' style='stroke: %23A80036%3b stroke-width: 1.0%3b'/%3e%3cline style='stroke: %23A80036%3b stroke-width: 1.0%3b' x1='22' x2='87' y1='69.7988' y2='69.7988'/%3e%3ctext fill='black' font-family='sans-serif' font-size='13' lengthAdjust='spacingAndGlyphs' textLength='47' x='29' y='65.0566'%3erequest%3c/text%3e%3cpolygon fill='%23A80036' points='33%2c95.1094%2c23%2c99.1094%2c33%2c103.1094%2c29%2c99.1094' style='stroke: %23A80036%3b stroke-width: 1.0%3b'/%3e%3cline style='stroke: %23A80036%3b stroke-width: 1.0%3b stroke-dasharray: 2.0%2c2.0%3b' x1='27' x2='92' y1='99.1094' y2='99.1094'/%3e%3ctext fill='black' font-family='sans-serif' font-size='13' lengthAdjust='spacingAndGlyphs' textLength='22' x='39' y='94.3672'%3eack%3c/text%3e%3c/g%3e%3c/svg%3e\\" class=\\"markspec plantuml plantuml-uml\\" alt=\\"uml diagram\\"></p><p><img src=\\"data:image/png;base64,\\" class=\\"markspec plantuml plantuml-ditaa\\" alt=\\"ditaa diagram\\"></p>"`;
