// Jest Snapshot v1, https://goo.gl/fbAQLP

exports[`markdown-it-markspec renders markspec 1`] = `
"
<h1 id=\\"markdown-cheatsheet\\">Markdown Cheatsheet</h1>
<!-- TOC -->
<ul>
<li><a href=\\"#vs-code-config\\">VS Code Config</a></li>
<li><a href=\\"#markdownlint\\">Markdownlint</a></li>
<li><a href=\\"#front-matter\\">Front Matter</a></li>
<li><a href=\\"#heading\\">Heading</a></li>
<li><a href=\\"#horizontal-rule\\">Horizontal rule</a></li>
<li><a href=\\"#styling\\">Styling</a></li>
<li><a href=\\"#blockquote\\">Blockquote</a></li>
<li><a href=\\"#lists\\">Lists</a></li>
<li><a href=\\"#links\\">Links</a></li>
<li><a href=\\"#autolink\\">Autolink</a></li>
<li><a href=\\"#code\\">Code</a></li>
<li><a href=\\"#tables\\">Tables</a></li>
<li><a href=\\"#latex-math\\">LaTeX Math</a></li>
<li><a href=\\"#plantuml\\">PlantUML</a></li>
<li><a href=\\"#mermaid\\">Mermaid</a></li>
<li><a href=\\"#emoji\\">Emoji</a></li>
<li><a href=\\"#footnotes\\">Footnotes</a></li>
</ul>
<!-- /TOC -->
<h2 id=\\"vs-code-config\\">VS Code Config</h2>
<ol>
<li>
<p>Install <a href=\\"https://code.visualstudio.com/\\">Visual Studio Code</a></p>
</li>
<li>
<p>Install the
<a href=\\"https://marketplace.visualstudio.com/items?itemName=stasson-vscode.markdown-gfm-pack\\">markdown-gfm-pack</a>
extension.</p>
</li>
<li>
<p>Install the
<a href=\\"https://marketplace.visualstudio.com/items?itemName=streetsidesoftware.code-spell-checker\\">code-spell-checker</a>
extension.</p>
</li>
<li>
<p>Configure VS Code</p>
</li>
</ol>
<ul>
<li>
<p><code>.vscode/settings.json</code></p>
<pre class=\\"language-json\\"><code class=\\"language-json\\"><span class=\\"token punctuation\\">{</span>
  <span class=\\"token property\\">\\"markdown-toc.depthFrom\\"</span><span class=\\"token operator\\">:</span> <span class=\\"token number\\">2</span><span class=\\"token punctuation\\">,</span>
  <span class=\\"token property\\">\\"markdown-toc.depthTo\\"</span><span class=\\"token operator\\">:</span> <span class=\\"token number\\">3</span><span class=\\"token punctuation\\">,</span>
  <span class=\\"token property\\">\\"mdmath.delimiters\\"</span><span class=\\"token operator\\">:</span> <span class=\\"token string\\">\\"gitlab\\"</span>
<span class=\\"token punctuation\\">}</span>
</code></pre>
</li>
<li>
<p><code>.editorconfig</code></p>
<pre class=\\"language-python\\"><code class=\\"language-python\\"><span class=\\"token punctuation\\">[</span><span class=\\"token operator\\">*</span><span class=\\"token punctuation\\">.</span><span class=\\"token punctuation\\">{</span>md<span class=\\"token punctuation\\">,</span>txt<span class=\\"token punctuation\\">}</span><span class=\\"token punctuation\\">]</span>
max_line_length <span class=\\"token operator\\">=</span> <span class=\\"token number\\">80</span>
indent_style <span class=\\"token operator\\">=</span> space
indent_size <span class=\\"token operator\\">=</span> <span class=\\"token number\\">2</span>
trim_trailing_whitespace <span class=\\"token operator\\">=</span> false
</code></pre>
</li>
<li>
<p><code>.prettierrc</code></p>
<pre class=\\"language-json\\"><code class=\\"language-json\\"><span class=\\"token punctuation\\">{</span>
  <span class=\\"token property\\">\\"singleQuote\\"</span><span class=\\"token operator\\">:</span> <span class=\\"token boolean\\">true</span><span class=\\"token punctuation\\">,</span>
  <span class=\\"token property\\">\\"semi\\"</span><span class=\\"token operator\\">:</span> <span class=\\"token boolean\\">false</span><span class=\\"token punctuation\\">,</span>
  <span class=\\"token property\\">\\"proseWrap\\"</span><span class=\\"token operator\\">:</span> <span class=\\"token string\\">\\"always\\"</span>
<span class=\\"token punctuation\\">}</span>
</code></pre>
</li>
</ul>
<p>References:</p>
<ul>
<li>
<p><a href=\\"http://code.visualstudio.com/docs/languages/markdown\\">Visual Studio Code's Markdown Support</a></p>
</li>
<li>
<p><a href=\\"https://help.github.com/articles/markdown-basics/\\">Markdown Syntax Reference</a></p>
</li>
<li>
<p><a href=\\"https://marketplace.visualstudio.com/items?itemName=mdickin.markdown-shortcuts\\">markdown-shortcuts</a></p>
</li>
<li>
<p><a href=\\"https://marketplace.visualstudio.com/items?itemName=huntertran.auto-markdown-toc\\">auto-markdown-toc</a></p>
</li>
<li>
<p><a href=\\"https://marketplace.visualstudio.com/items?itemName=csholmq.excel-to-markdown-table\\">excel-to-markdown-table</a></p>
</li>
<li>
<p><a href=\\"https://marketplace.visualstudio.com/items?itemName=docsmsft.docs-images\\">docs-images</a></p>
</li>
</ul>
<h2 id=\\"markdownlint\\">Markdownlint</h2>
<pre class=\\"language-bash\\"><code class=\\"language-bash\\"><span class=\\"token function\\">npm</span> <span class=\\"token function\\">install</span> -g markdownlint-cli
</code></pre>
<table>
<thead>
<tr>
<th>Inline config</th>
<th>Syntax</th>
</tr>
</thead>
<tbody>
<tr>
<td>Disable all rules</td>
<td><code>&lt;!-- markdownlint-disable --&gt;</code></td>
</tr>
<tr>
<td>Enable all rules</td>
<td><code>&lt;!-- markdownlint-enable --&gt;</code></td>
</tr>
<tr>
<td>Disable one or more rules by name</td>
<td><code>&lt;!-- - markdownlint-disable MD001 MD005 --&gt;</code></td>
</tr>
<tr>
<td>Enable one or more rules by name</td>
<td><code>&lt;!-- markdownlint-enable MD001 MD005 --&gt;</code></td>
</tr>
<tr>
<td>Capture the current rule configuration</td>
<td><code>&lt;!-- markdownlint-capture --&gt;</code></td>
</tr>
<tr>
<td>Restore the captured rule configuration</td>
<td><code>&lt;!-- markdownlint-restore --&gt;</code></td>
</tr>
</tbody>
</table>
<blockquote>
<p>see the
<a href=\\"https://github.com/DavidAnson/markdownlint#configuration\\">configuration section</a>
and the
<a href=\\"https://github.com/DavidAnson/markdownlint/blob/main/doc/Rules.md\\">rules</a> for
more</p>
</blockquote>
<h2 id=\\"front-matter\\">Front Matter</h2>
<p>Front matter is metadata included at the beginning of a Markdown document,
preceding its content.</p>
<pre class=\\"language-yaml\\"><code class=\\"language-yaml\\"><span class=\\"token punctuation\\">---</span>
<span class=\\"token key atrule\\">title</span><span class=\\"token punctuation\\">:</span> Markdown Cheatsheet
<span class=\\"token key atrule\\">version</span><span class=\\"token punctuation\\">:</span> <span class=\\"token number\\">1.0</span>
<span class=\\"token punctuation\\">---</span>

</code></pre>
<h2 id=\\"heading\\">Heading</h2>
<pre class=\\"language-markdown\\"><code class=\\"language-markdown\\"><span class=\\"token title important\\"><span class=\\"token punctuation\\">#</span> H1</span>

<span class=\\"token title important\\"><span class=\\"token punctuation\\">##</span> H2</span>

<span class=\\"token title important\\"><span class=\\"token punctuation\\">###</span> H3</span>

<span class=\\"token title important\\"><span class=\\"token punctuation\\">####</span> H4</span>

<span class=\\"token title important\\"><span class=\\"token punctuation\\">#####</span> H5</span>

<span class=\\"token title important\\"><span class=\\"token punctuation\\">######</span> H6</span>
</code></pre>
<h2 id=\\"horizontal-rule\\">Horizontal rule</h2>
<pre class=\\"language-markdown\\"><code class=\\"language-markdown\\"><span class=\\"token hr punctuation\\">---</span>
</code></pre>
<h2 id=\\"styling\\">Styling</h2>
<table>
<thead>
<tr>
<th>Style</th>
<th>Syntax</th>
</tr>
</thead>
<tbody>
<tr>
<td><em>Italic</em></td>
<td><code>_Italic_</code></td>
</tr>
<tr>
<td><strong>Bold</strong></td>
<td><code>**Bold**</code></td>
</tr>
<tr>
<td><s>Strikethrough</s></td>
<td><code>~~Strikethrough~~</code></td>
</tr>
</tbody>
</table>
<h2 id=\\"blockquote\\">Blockquote</h2>
<pre class=\\"language-markdown\\"><code class=\\"language-markdown\\"><span class=\\"token blockquote punctuation\\">></span> Blockquotes are very handy to emulate reply text. This line is part of the
<span class=\\"token blockquote punctuation\\">></span> same quote.

Quote break.

<span class=\\"token blockquote punctuation\\">></span> This is a very long line that will still be quoted properly when it wraps. Oh
<span class=\\"token blockquote punctuation\\">></span> boy let's keep writing to make sure this is long enough to actually wrap for
<span class=\\"token blockquote punctuation\\">></span> everyone. Oh, you can <span class=\\"token italic\\"><span class=\\"token punctuation\\">_</span><span class=\\"token content\\">put</span><span class=\\"token punctuation\\">_</span></span> <span class=\\"token bold\\"><span class=\\"token punctuation\\">**</span><span class=\\"token content\\">Markdown</span><span class=\\"token punctuation\\">**</span></span> into a blockquote.
</code></pre>
<h2 id=\\"lists\\">Lists</h2>
<pre class=\\"language-markdown\\"><code class=\\"language-markdown\\"><span class=\\"token list punctuation\\">-</span> Item
  <span class=\\"token list punctuation\\">-</span> Item
    <span class=\\"token list punctuation\\">-</span> Item

<span class=\\"token list punctuation\\">1.</span> Item 1
<span class=\\"token list punctuation\\">2.</span> Item 2
<span class=\\"token list punctuation\\">3.</span> Item 3

<span class=\\"token list punctuation\\">-</span> [ ] Incomplete item
<span class=\\"token list punctuation\\">-</span> [x] Complete item
</code></pre>
<ul>
<li>Item
<ul>
<li>Item
<ul>
<li>Item</li>
</ul>
</li>
</ul>
</li>
</ul>
<ol>
<li>Item 1</li>
<li>Item 2</li>
<li>Item 3</li>
</ol>
<ul class=\\"contains-task-list\\">
<li class=\\"task-list-item\\"><input class=\\"task-list-item-checkbox\\" disabled=\\"\\" type=\\"checkbox\\"> Incomplete item</li>
<li class=\\"task-list-item\\"><input class=\\"task-list-item-checkbox\\" checked=\\"\\" disabled=\\"\\" type=\\"checkbox\\"> Complete item</li>
</ul>
<h2 id=\\"links\\">Links</h2>
<pre class=\\"language-markdown\\"><code class=\\"language-markdown\\"><span class=\\"token list punctuation\\">-</span> This is an <span class=\\"token url\\">[<span class=\\"token content\\">inline-style link</span>](https://www.google.com)</span>
<span class=\\"token list punctuation\\">-</span> This is a <span class=\\"token url\\">[<span class=\\"token content\\">link to a repository file in the same directory</span>](index.md)</span>
<span class=\\"token list punctuation\\">-</span> This is a <span class=\\"token url\\">[<span class=\\"token content\\">relative link to a readme one directory higher</span>](../README.md)</span>
<span class=\\"token list punctuation\\">-</span> This is a
  <span class=\\"token url\\">[<span class=\\"token content\\">link that also has title text</span>](https://www.google.com <span class=\\"token string\\">\\"This link takes you to Google!\\"</span>)</span>

Using header ID anchors:

<span class=\\"token list punctuation\\">-</span> This links to
  <span class=\\"token url\\">[<span class=\\"token content\\">a section on a different Markdown page, using a \\"#\\" and the header ID</span>](index.md#overview)</span>
<span class=\\"token list punctuation\\">-</span> This links to
  <span class=\\"token url\\">[<span class=\\"token content\\">a different section on the same page, using a \\"#\\" and the header ID</span>](#header-ids-and-links)</span>

Using references:

<span class=\\"token list punctuation\\">-</span> This is a <span class=\\"token url\\">[<span class=\\"token content\\">reference-style link, see
  below</span>][<span class=\\"token variable\\">arbitrary case-insensitive reference text</span>]</span>
<span class=\\"token list punctuation\\">-</span> You can <span class=\\"token url\\">[<span class=\\"token content\\">use numbers for reference-style link definitions, see below</span>][<span class=\\"token variable\\">1</span>]</span>
<span class=\\"token list punctuation\\">-</span> Or leave it empty and use the [link text itself][], see below.

Some text to show that the reference links can follow later.

<span class=\\"token url-reference url\\"><span class=\\"token punctuation\\">[</span><span class=\\"token variable\\">arbitrary case-insensitive reference text</span><span class=\\"token punctuation\\">]</span><span class=\\"token punctuation\\">:</span> https://www.mozilla.org/en-US/</span>
<span class=\\"token url-reference url\\"><span class=\\"token punctuation\\">[</span><span class=\\"token variable\\">1</span><span class=\\"token punctuation\\">]</span><span class=\\"token punctuation\\">:</span> https://slashdot.org</span>
<span class=\\"token url-reference url\\"><span class=\\"token punctuation\\">[</span><span class=\\"token variable\\">link text itself</span><span class=\\"token punctuation\\">]</span><span class=\\"token punctuation\\">:</span> https://www.reddit.com</span>
</code></pre>
<ul>
<li>This is an <a href=\\"https://www.google.com\\">inline-style link</a></li>
<li>This is a <a href=\\"index.md\\">link to a repository file in the same directory</a></li>
<li>This is a <a href=\\"../README.md\\">relative link to a readme one directory higher</a></li>
<li>This is a
<a href=\\"https://www.google.com\\" title=\\"This link takes you to Google!\\">link that also has title text</a></li>
</ul>
<p>Using header ID anchors:</p>
<ul>
<li>This links to
<a href=\\"index.md#overview\\">a section on a different Markdown page, using a &quot;#&quot; and the header ID</a></li>
<li>This links to
<a href=\\"#header-ids-and-links\\">a different section on the same page, using a &quot;#&quot; and the header ID</a></li>
</ul>
<p>Using references:</p>
<ul>
<li>This is a <a href=\\"https://www.mozilla.org/en-US/\\">reference-style link, see
below</a></li>
<li>You can <a href=\\"https://slashdot.org\\">use numbers for reference-style link definitions, see below</a></li>
<li>Or leave it empty and use the <a href=\\"https://www.reddit.com\\">link text itself</a>, see below.</li>
</ul>
<p>Some text to show that the reference links can follow later.</p>
<h2 id=\\"autolink\\">Autolink</h2>
<pre class=\\"language-markdown\\"><code class=\\"language-markdown\\">https://markdown-it.github.io/

&lt;https://markdown-it.github.io/>
</code></pre>
<p><a href=\\"https://markdown-it.github.io/\\">https://markdown-it.github.io/</a></p>
<p><a href=\\"https://markdown-it.github.io/\\">https://markdown-it.github.io/</a></p>
<h2 id=\\"code\\">Code</h2>
<p>Some <code>\`inline code\`</code></p>
<pre class=\\"language-java\\"><code class=\\"language-java\\">\`\`\`javascript
<span class=\\"token comment\\">// An highlighted block</span>
<span class=\\"token keyword\\">var</span> foo <span class=\\"token operator\\">=</span> <span class=\\"token string\\">'bar'</span>
\`\`\`
</code></pre>
<h2 id=\\"tables\\">Tables</h2>
<pre class=\\"language-markdown\\"><code class=\\"language-markdown\\"><span class=\\"token table\\"><span class=\\"token table-header-row\\"><span class=\\"token punctuation\\">|</span><span class=\\"token table-header important\\"> Item     </span><span class=\\"token punctuation\\">|</span><span class=\\"token table-header important\\"> Value  </span><span class=\\"token punctuation\\">|</span>
</span><span class=\\"token table-line\\"><span class=\\"token punctuation\\">|</span> <span class=\\"token punctuation\\">--------</span> <span class=\\"token punctuation\\">|</span> <span class=\\"token punctuation\\">------</span> <span class=\\"token punctuation\\">|</span>
</span><span class=\\"token table-data-rows\\"><span class=\\"token punctuation\\">|</span><span class=\\"token table-data\\"> Computer </span><span class=\\"token punctuation\\">|</span><span class=\\"token table-data\\"> \\\\$1600 </span><span class=\\"token punctuation\\">|</span>
<span class=\\"token punctuation\\">|</span><span class=\\"token table-data\\"> Phone    </span><span class=\\"token punctuation\\">|</span><span class=\\"token table-data\\"> \\\\$12   </span><span class=\\"token punctuation\\">|</span>
<span class=\\"token punctuation\\">|</span><span class=\\"token table-data\\"> Pipe     </span><span class=\\"token punctuation\\">|</span><span class=\\"token table-data\\"> \\\\$1    </span><span class=\\"token punctuation\\">|</span>
</span></span></code></pre>
<table>
<thead>
<tr>
<th>Item</th>
<th>Value</th>
</tr>
</thead>
<tbody>
<tr>
<td>Computer</td>
<td>$1600</td>
</tr>
<tr>
<td>Phone</td>
<td>$12</td>
</tr>
<tr>
<td>Pipe</td>
<td>$1</td>
</tr>
</tbody>
</table>
<pre class=\\"language-markdown\\"><code class=\\"language-markdown\\"><span class=\\"token table\\"><span class=\\"token table-header-row\\"><span class=\\"token punctuation\\">|</span><span class=\\"token table-header important\\"> Column 1 </span><span class=\\"token punctuation\\">|</span><span class=\\"token table-header important\\">      Column 2 </span><span class=\\"token punctuation\\">|</span>
</span><span class=\\"token table-line\\"><span class=\\"token punctuation\\">|</span> <span class=\\"token punctuation\\">:------:</span> <span class=\\"token punctuation\\">|</span> <span class=\\"token punctuation\\">------------:</span> <span class=\\"token punctuation\\">|</span>
</span><span class=\\"token table-data-rows\\"><span class=\\"token punctuation\\">|</span><span class=\\"token table-data\\"> centered </span><span class=\\"token punctuation\\">|</span><span class=\\"token table-data\\"> right-aligned </span><span class=\\"token punctuation\\">|</span>
</span></span></code></pre>
<table>
<thead>
<tr>
<th style=\\"text-align:center\\">Column 1</th>
<th style=\\"text-align:right\\">Column 2</th>
</tr>
</thead>
<tbody>
<tr>
<td style=\\"text-align:center\\">centered</td>
<td style=\\"text-align:right\\">right-aligned</td>
</tr>
</tbody>
</table>
<h2 id=\\"latex-math\\">LaTeX Math</h2>
<pre class=\\"language-markdown\\"><code class=\\"language-markdown\\">Some inline maths: $<span class=\\"token code keyword\\">\`a^2+b^2=c^2\`</span>$
</code></pre>
<p>Some inline maths: <eq><span class=\\"katex\\"><span class=\\"katex-mathml\\"><math xmlns=\\"http://www.w3.org/1998/Math/MathML\\"><semantics><mrow><msup><mi>a</mi><mn>2</mn></msup><mo>+</mo><msup><mi>b</mi><mn>2</mn></msup><mo>=</mo><msup><mi>c</mi><mn>2</mn></msup></mrow><annotation encoding=\\"application/x-tex\\">a^2+b^2=c^2</annotation></semantics></math></span><span class=\\"katex-html\\" aria-hidden=\\"true\\"><span class=\\"base\\"><span class=\\"strut\\" style=\\"height:0.897438em;vertical-align:-0.08333em;\\"></span><span class=\\"mord\\"><span class=\\"mord mathnormal\\">a</span><span class=\\"msupsub\\"><span class=\\"vlist-t\\"><span class=\\"vlist-r\\"><span class=\\"vlist\\" style=\\"height:0.8141079999999999em;\\"><span style=\\"top:-3.063em;margin-right:0.05em;\\"><span class=\\"pstrut\\" style=\\"height:2.7em;\\"></span><span class=\\"sizing reset-size6 size3 mtight\\"><span class=\\"mord mtight\\">2</span></span></span></span></span></span></span></span><span class=\\"mspace\\" style=\\"margin-right:0.2222222222222222em;\\"></span><span class=\\"mbin\\">+</span><span class=\\"mspace\\" style=\\"margin-right:0.2222222222222222em;\\"></span></span><span class=\\"base\\"><span class=\\"strut\\" style=\\"height:0.8141079999999999em;vertical-align:0em;\\"></span><span class=\\"mord\\"><span class=\\"mord mathnormal\\">b</span><span class=\\"msupsub\\"><span class=\\"vlist-t\\"><span class=\\"vlist-r\\"><span class=\\"vlist\\" style=\\"height:0.8141079999999999em;\\"><span style=\\"top:-3.063em;margin-right:0.05em;\\"><span class=\\"pstrut\\" style=\\"height:2.7em;\\"></span><span class=\\"sizing reset-size6 size3 mtight\\"><span class=\\"mord mtight\\">2</span></span></span></span></span></span></span></span><span class=\\"mspace\\" style=\\"margin-right:0.2777777777777778em;\\"></span><span class=\\"mrel\\">=</span><span class=\\"mspace\\" style=\\"margin-right:0.2777777777777778em;\\"></span></span><span class=\\"base\\"><span class=\\"strut\\" style=\\"height:0.8141079999999999em;vertical-align:0em;\\"></span><span class=\\"mord\\"><span class=\\"mord mathnormal\\">c</span><span class=\\"msupsub\\"><span class=\\"vlist-t\\"><span class=\\"vlist-r\\"><span class=\\"vlist\\" style=\\"height:0.8141079999999999em;\\"><span style=\\"top:-3.063em;margin-right:0.05em;\\"><span class=\\"pstrut\\" style=\\"height:2.7em;\\"></span><span class=\\"sizing reset-size6 size3 mtight\\"><span class=\\"mord mtight\\">2</span></span></span></span></span></span></span></span></span></span></span></eq></p>
<pre><code>\`\`\`math
a^2+b^2=c^2
\`\`\`
</code></pre>
<section><eqn><span class=\\"katex-display\\"><span class=\\"katex\\"><span class=\\"katex-mathml\\"><math xmlns=\\"http://www.w3.org/1998/Math/MathML\\" display=\\"block\\"><semantics><mrow><msup><mi>a</mi><mn>2</mn></msup><mo>+</mo><msup><mi>b</mi><mn>2</mn></msup><mo>=</mo><msup><mi>c</mi><mn>2</mn></msup></mrow><annotation encoding=\\"application/x-tex\\">a^2+b^2=c^2</annotation></semantics></math></span><span class=\\"katex-html\\" aria-hidden=\\"true\\"><span class=\\"base\\"><span class=\\"strut\\" style=\\"height:0.9474379999999999em;vertical-align:-0.08333em;\\"></span><span class=\\"mord\\"><span class=\\"mord mathnormal\\">a</span><span class=\\"msupsub\\"><span class=\\"vlist-t\\"><span class=\\"vlist-r\\"><span class=\\"vlist\\" style=\\"height:0.8641079999999999em;\\"><span style=\\"top:-3.113em;margin-right:0.05em;\\"><span class=\\"pstrut\\" style=\\"height:2.7em;\\"></span><span class=\\"sizing reset-size6 size3 mtight\\"><span class=\\"mord mtight\\">2</span></span></span></span></span></span></span></span><span class=\\"mspace\\" style=\\"margin-right:0.2222222222222222em;\\"></span><span class=\\"mbin\\">+</span><span class=\\"mspace\\" style=\\"margin-right:0.2222222222222222em;\\"></span></span><span class=\\"base\\"><span class=\\"strut\\" style=\\"height:0.8641079999999999em;vertical-align:0em;\\"></span><span class=\\"mord\\"><span class=\\"mord mathnormal\\">b</span><span class=\\"msupsub\\"><span class=\\"vlist-t\\"><span class=\\"vlist-r\\"><span class=\\"vlist\\" style=\\"height:0.8641079999999999em;\\"><span style=\\"top:-3.113em;margin-right:0.05em;\\"><span class=\\"pstrut\\" style=\\"height:2.7em;\\"></span><span class=\\"sizing reset-size6 size3 mtight\\"><span class=\\"mord mtight\\">2</span></span></span></span></span></span></span></span><span class=\\"mspace\\" style=\\"margin-right:0.2777777777777778em;\\"></span><span class=\\"mrel\\">=</span><span class=\\"mspace\\" style=\\"margin-right:0.2777777777777778em;\\"></span></span><span class=\\"base\\"><span class=\\"strut\\" style=\\"height:0.8641079999999999em;vertical-align:0em;\\"></span><span class=\\"mord\\"><span class=\\"mord mathnormal\\">c</span><span class=\\"msupsub\\"><span class=\\"vlist-t\\"><span class=\\"vlist-r\\"><span class=\\"vlist\\" style=\\"height:0.8641079999999999em;\\"><span style=\\"top:-3.113em;margin-right:0.05em;\\"><span class=\\"pstrut\\" style=\\"height:2.7em;\\"></span><span class=\\"sizing reset-size6 size3 mtight\\"><span class=\\"mord mtight\\">2</span></span></span></span></span></span></span></span></span></span></span></span></eqn></section></math>
<blockquote>
<p>A great way to get started with <a href=\\"https://katex.org/docs/supported.html\\">KaTeX</a>
is to visit <a href=\\"https://katex.org/#demo\\">The KaTeX Demo</a>.</p>
</blockquote>
<h2 id=\\"plantuml\\">PlantUML</h2>
<pre><code>\`\`\`plantuml
Bob -&gt; Alice : hello
Alice -&gt; Bob : hi
\`\`\`
</code></pre>
<p><img src=\\"data:image/svg+xml,%3c%3fxml version='1.0' encoding='UTF-8' standalone='no'%3f%3e%3csvg xmlns='http://www.w3.org/2000/svg' xmlns:xlink='http://www.w3.org/1999/xlink' contentScriptType='application/ecmascript' contentStyleType='text/css' height='157px' preserveAspectRatio='none' style='width:120px%3bheight:157px%3b' version='1.1' viewBox='0 0 120 157' width='120px' zoomAndPan='magnify'%3e%3cdefs%3e%3cfilter height='300%25' id='fq4i3lrj1mpl' width='300%25' x='-1' y='-1'%3e%3cfeGaussianBlur result='blurOut' stdDeviation='2.0'/%3e%3cfeColorMatrix in='blurOut' result='blurOut2' type='matrix' values='0 0 0 0 0 0 0 0 0 0 0 0 0 0 0 0 0 0 .4 0'/%3e%3cfeOffset dx='4.0' dy='4.0' in='blurOut2' result='blurOut3'/%3e%3cfeBlend in='SourceGraphic' in2='blurOut3' mode='normal'/%3e%3c/filter%3e%3c/defs%3e%3cg%3e%3cline style='stroke: %23A80036%3b stroke-width: 1.0%3b stroke-dasharray: 5.0%2c5.0%3b' x1='30' x2='30' y1='38.4883' y2='117.1094'/%3e%3cline style='stroke: %23A80036%3b stroke-width: 1.0%3b stroke-dasharray: 5.0%2c5.0%3b' x1='87' x2='87' y1='38.4883' y2='117.1094'/%3e%3crect fill='%23FEFECE' filter='url(%23fq4i3lrj1mpl)' height='30.4883' style='stroke: %23A80036%3b stroke-width: 1.5%3b' width='40' x='8' y='3'/%3e%3ctext fill='black' font-family='sans-serif' font-size='14' lengthAdjust='spacingAndGlyphs' textLength='26' x='15' y='23.5352'%3eBob%3c/text%3e%3crect fill='%23FEFECE' filter='url(%23fq4i3lrj1mpl)' height='30.4883' style='stroke: %23A80036%3b stroke-width: 1.5%3b' width='40' x='8' y='116.1094'/%3e%3ctext fill='black' font-family='sans-serif' font-size='14' lengthAdjust='spacingAndGlyphs' textLength='26' x='15' y='136.6445'%3eBob%3c/text%3e%3crect fill='%23FEFECE' filter='url(%23fq4i3lrj1mpl)' height='30.4883' style='stroke: %23A80036%3b stroke-width: 1.5%3b' width='47' x='62' y='3'/%3e%3ctext fill='black' font-family='sans-serif' font-size='14' lengthAdjust='spacingAndGlyphs' textLength='33' x='69' y='23.5352'%3eAlice%3c/text%3e%3crect fill='%23FEFECE' filter='url(%23fq4i3lrj1mpl)' height='30.4883' style='stroke: %23A80036%3b stroke-width: 1.5%3b' width='47' x='62' y='116.1094'/%3e%3ctext fill='black' font-family='sans-serif' font-size='14' lengthAdjust='spacingAndGlyphs' textLength='33' x='69' y='136.6445'%3eAlice%3c/text%3e%3cpolygon fill='%23A80036' points='75.5%2c65.7988%2c85.5%2c69.7988%2c75.5%2c73.7988%2c79.5%2c69.7988' style='stroke: %23A80036%3b stroke-width: 1.0%3b'/%3e%3cline style='stroke: %23A80036%3b stroke-width: 1.0%3b' x1='30' x2='81.5' y1='69.7988' y2='69.7988'/%3e%3ctext fill='black' font-family='sans-serif' font-size='13' lengthAdjust='spacingAndGlyphs' textLength='31' x='37' y='65.0566'%3ehello%3c/text%3e%3cpolygon fill='%23A80036' points='41%2c95.1094%2c31%2c99.1094%2c41%2c103.1094%2c37%2c99.1094' style='stroke: %23A80036%3b stroke-width: 1.0%3b'/%3e%3cline style='stroke: %23A80036%3b stroke-width: 1.0%3b' x1='35' x2='86.5' y1='99.1094' y2='99.1094'/%3e%3ctext fill='black' font-family='sans-serif' font-size='13' lengthAdjust='spacingAndGlyphs' textLength='12' x='47' y='94.3672'%3ehi%3c/text%3e%3c/g%3e%3c/svg%3e\\" class=\\"markspec plantuml plantuml-uml\\" alt=\\"uml diagram\\"></p><blockquote>
<p>A great way to get started with <a href=\\"https://plantuml.com/\\">PlantUML</a> is to visit
<a href=\\"https://www.planttext.com/\\">Plant Text UML Editor</a>.</p>
</blockquote>
<h2 id=\\"mermaid\\">Mermaid</h2>
<pre><code>\`\`\`mermaid
graph TD;
  A--&gt;B;
  A--&gt;C;
  B--&gt;D;
  C--&gt;D;
\`\`\`
</code></pre>
<div class=\\"mermaid\\">graph TD;
  A-->B;
  A-->C;
  B-->D;
  C-->D;</div><blockquote>
<p>A great way to get started with
<a href=\\"https://mermaid-js.github.io/mermaid\\">Mermaid</a> is to visit
<a href=\\"https://mermaidjs.github.io/mermaid-live-editor\\">The mermaid live editor</a>.</p>
</blockquote>
<h2 id=\\"emoji\\">Emoji</h2>
<p><code>:+1:</code>: 👍</p>
<p><code>:)</code>: 😃</p>
<h2 id=\\"footnotes\\">Footnotes</h2>
<pre class=\\"language-markdown\\"><code class=\\"language-markdown\\">A footnote reference tag looks like this: [^1]

This reference tag is a mix of letters and numbers. [^footnote-42]

<span class=\\"token url-reference url\\"><span class=\\"token punctuation\\">[</span><span class=\\"token variable\\">^1</span><span class=\\"token punctuation\\">]</span><span class=\\"token punctuation\\">:</span> This</span> is the text inside a footnote.
<span class=\\"token url-reference url\\"><span class=\\"token punctuation\\">[</span><span class=\\"token variable\\">^footnote-42</span><span class=\\"token punctuation\\">]</span><span class=\\"token punctuation\\">:</span> This</span> is another footnote.
</code></pre>
<p>A footnote reference tag looks like this: <sup class=\\"footnote-ref\\"><a href=\\"#fn1\\" id=\\"fnref1\\">[1]</a></sup></p>
<p>This reference tag is a mix of letters and numbers. <sup class=\\"footnote-ref\\"><a href=\\"#fn2\\" id=\\"fnref2\\">[2]</a></sup></p>
<hr class=\\"footnotes-sep\\" />
<section class=\\"footnotes\\">
<ol class=\\"footnotes-list\\">
<li id=\\"fn1\\" class=\\"footnote-item\\"><p>This is the text inside a footnote. <a href=\\"#fnref1\\" class=\\"footnote-backref\\">↩︎</a></p>
</li>
<li id=\\"fn2\\" class=\\"footnote-item\\"><p>This is another footnote. <a href=\\"#fnref2\\" class=\\"footnote-backref\\">↩︎</a></p>
</li>
</ol>
</section>
"
`;
