// Jest Snapshot v1, https://goo.gl/fbAQLP

exports[`plantuml renders a png diagram by defult 1`] = `"data:image/png;base64,iVBORw0KGgoAAAANSUhEUgAAAHAAAACcCAIAAAAoBLjlAAAAKXRFWHRjb3B5bGVmdABHZW5lcmF0ZWQgYnkgaHR0cDovL3BsYW50dW1sLmNvbREwORwAAAEHaVRYdHBsYW50dW1sAAEAAAB4nEWOS2+CQBSF9zfhP9ylLiA8qrGzaBSVpFRiI0i6a0a4JZPCYOdB4r/vtKbp8t5855xvrQ1Xxg69Bxvff0oZKvqypI0Hqbs3DHnz6cGaZPsLwWvPpTkXB5xIaTFKjII4jB6DKJxlSmBJV4wSjGO2SFiY4HZfVvgDzGFWPFeoR6sawlZoo8TFGtcwh5xPHE9WGjEQw+OVZL57+XvgXk5CjXIgaSCvi39g+eCnwrhJ5VywLu499d2LObFVEL7Hy4V/CSNwIcWNkB2WN21oYFjwBo8lvsGOPrjtjRtqxtYRDM9V5q/gwGVneeeUSMJ2dDrqxjA7wTeBWV9Gy0urOwAAC+tJREFUeNrtnWtQE1kWx0FcFBGnBJGHIwoo4wMJrONoeCg+QEaxdGYsqixFZlwdHyUf1gIFsdBSwQ8GcMr3omUIawZjNJJhB1ERVAgaBNRdX2DJQxSBteQRHECQ/WuPqSyEIKRpO809dYvqXPre5v+7p8+9N5ykjTqI0WpGBAETQFtfN1RnFdBVWusaWaKWLl06FGkHijYpRt/QVWqyC1gClC5dOhTpAvooQVCdlaJPeRQvYCFQfXT1qEgXULR/965Qn/LyagoLgeqjq0dFTAC9GJ+oUCiKioqKi4ufP39eX19v6EB1KGICqGRXnFwuz8zMVCqV+Atqa2sNHagORUwATY6MFYvFMpkMfwFGFUNq6EB1KGICqCgiRigU4i/AqOJOKS0tNXSgOhQxAfTMTgEun5SUJJFIMKS4RwwdqA5FBCgBykmgJSVyE5NBHh6TOAPUy8t90AezsDBftmxuTs4pRoFGR/9s9MHu3pVwAyif7+bgYBsfH7Z4sQ902dhYtbcXMAQUV3J0HGNuboYLh4eHcAaou/tX6mNIKy9PZwhoVlYirnfs2A5Lyy/s7a3b2m5zDGhgoA8CWlNTHkNA16xZOnz4sMbG3E2bgkA2I+MIN4DyeC5PnvyWkBCGSLpt248MxVCVSoGwHRKyBMc3b4oANDh4MTeAGn20hQv5zc23GAKanLwXlzx6NOrhw/ModnajEEzhrRwAOnWqMyZ3+OaIEea+vl83NOQwAdTPb5ZRF0tK2sOlGEo5zenTsf0OtKIiHfFl69aQsrLfqVJY+CviNyhzCei1aycBVGsYpRlobGwogIKjZiUWbqisrMwwdKDOzl+mpx8WCndPmeJkbGycn3+634G6uk7w9+d3qpRKBRhPgWCLQQP19ORR4QsBdOlSX5FoL9nLkzdHCFAClAAlQAlQApQAJUC5AfRRvADt9SlUJhDbgOqjq0dFTGTfsQ1ovyrqJj+0rrEmu4AqF+MTJbvikiNjRREx6Kgv5ZSIJUBp09W9op4zmBUKhVwuF4vFQv2MDZkj9OrqReaIphUVFWEQZDIZ2if11ViS20Sjrt7lNmka/FmpVKIlRkPSV2NJ9h2NunqXfadpwI82GAf4dqY2E27YntmTsSQ/9NN19Siqd/mhmoazMQJohkhRrM1++ctfi3sytEUP6Ae9NTc3swGobl09iupOEQ0fq8EyooNz1mdRBCgBynmg/9mVyD2gfRZFPppIsxGgBCgBSoCSSemzTkpk2USAEqAEKAFKJiWyUyLrUALUgO3WB+M+0Hfv3jHTCZ/PDwkJ4dROacmSJVFRUStWrDA3N3/69GlZWZm/v//QoUPHjx8vk8moc8rLyxcsWGBmZjZ58uS1a9e6uLhQsLy9vQ8ePEidc+DAgTlz5lDHWjtJS0vz8fExNTUdM2bM48ePURMeHj5kyBALCwt0mJyczJGdkqurq7Gx8erVqyFYpVLxeDywu337dmhoqK2tLeVoHh4eOO3SpUuZmZlubu8/ekUBtbOz27lzJ9XPjh07xo4di4P29vaunbS1tVlbW69fv760tPTKlSt1dXWoxPhNmzZt0aJFSqWyurqaI+tQkAoICKCO8/LyAGvfvn25ubkSiQTHd+7cARccnDhxgjrn+PHjuoFq7QTn29vbT58+HexovOVZCnTz5s1/npOSAv1OTk5TP5pUKqWgFBYWfiJQrZ1QoHFr41eBgYE1NTUDAijlXImJ/xeY7t27h8pz585RLw8dOqQJdPv27VT9ypUrNT20UyfqaQrDg2AdERGhBhocHMypnZIm0Ldv37q7u8OPMjIympubcatiOkK9g4MD5h/cwkKhEDjUQGfPnu3p6YnTtmzZgkoKqNZO3rx5A8QVFRW1tbWYlDZs2EBdcdWqVRMnTnz9+jV3dkqYFjB1qF9i0sBkDTqYqUaOHJmamopKsViMKR6Vzs7OYWFhaqD47ejRo3EmpiB0QgHV2glmIUdHR7zEtO7n51dVVUWdqVAoxo0bN3jwYHWMhjU9q34mvdr2Rwt31qH19fUvXrzQrGlpaaGSrTRjKKy1tfXVq1ef2Ak8sWuGD7qC52IZoFkJoBdsv70T9kv9w1KO75Q6Ae0/K/p7QsqgmYiSV303lKdcotdhWQQUq6jo6GiGNqY/7QHQf038IcMjWDbKn0aHHbhv31FMUWTWCy/P+ht+ajrsZ94poVB/AX4a0HGa8/eamfNpTt+dMZmFCEul4rNuHcpyq8kuPDvUW03zrJnPeasF/975jz+q/ttB/gXSZ5pwSYmpV9a8TVUX89i+U2IzzTOD+WeMZ2q6pAHslNhptTfunDWf09UlDWCnxELDTqn40FmtLsnBdSg3jAAlQDkPlCQ6kHVoP4oiQAlQApQAZdekVFJS0un9eY5PSv1tmv/sI+tQApQANVCge/bsmTlz5pAhQ9zc3C5fvkxVVlZWBgUFWVtbo97FxYX6HLoaKCIpmuzevZvslLTYvn37pFLp/fv3vb29586d2/Exj8HS0jIuLu7BgwepqanUf4ApoPX19Tweb968eS0tLQxwMdSdkkqlioyMtLCw6PiYaRMWFtb1ll+3bh2gw5cZ+3oNw1uHHjlyZOzYsTY2Nk5OThRQKhcsLS2tK1BTU1P86uTJk2Rhr92ys7PViYz79++ngCoUClRGRUV1Bbpx48bly5ebmZmhIQGqxWQyGdhduHDh+vXriKEmJiYNDQ2IobipbW1tRSLRy5cv5XJ5U1OTOoYidAYEBAB9fn4+2Sl1NrCbP3/+h6/kHhETEzNs2LBJkyZRm6IZM2ZQ39Ztb28PrB0aSWfgC/pWVlZU3vfA3Sm9bXxT9s/01tcNneqrq6tBFgdwT83Zpra2trs0sYG+Di05dv7Gd1sv2H5be+NOx8CwfgGqKqvK/SHi7FAfRCLp8DkDhyb9QOGSaRO+TzF+nyx46ZufBpRv0jkpabokVRRB2w2a5mfeKUmGep35kMKqLhJTr1JhmmEl46mPqZefE6iq9MXdiMPnrfxS7RdJPiZhyaz8+inteqAs7N+9bXsmvZrtt1k63DfVNiBlkAEzZddOSe2w8NPzIxcYIlM27pT+dFj/UMxOBseU1TslOOzjAyldd0pk2USMACVACVCSfdf/yyYOGMltIkAJUAKUTEoc3SmRZVMHtonVWQV0lda6RpaopUuXDkVMPEKtJruAJUDp0qVDkc6H/CUIqrNS9CnUI/HYBlQfXT0qYuIxlGwDqv9jKD8z0IvxiSx5QBVdQHUoYgKoZFccSx6hRhdQHYqYAJocGcuSh/zRBVSHIiaAiiJiWPIYSrqA6lBEno1MHjZNgBKgPV+4pERuYjLIw2MSZ4B6ebkP+mAWFubLls3NyTnFKNDo6J+pPOO7dyXcAMrnuzk42MbHhy1e7ANdNjZW7e0FDAHFlRwdx5ibv//ez/DwEM4AdXf/Sn0MaeXl6QwBzcpKxPWOHdthafmFvb11W9ttjgENDPRBQGtqymMI6Jo1S4cPH9bYmLtpUxDIZmQc4QZQHs/lyZPfEhLCEEm3bfuRoRiqUikQtkNCluD45k0RgAYHL+YGUKOPtnAhv7n5FkNAk5P34pJHj0Y9fHgexc5uFIIpvJUDQKdOdcbkDt8cMcLc1/frhoYcJoD6+c0y6mJJSXu4FEMppzl9OrbfgVZUpCO+bN0aUlb2O1UKC39F/AZlLgG9du0kgGoNozQDjY0NBVBw1KzEwg2VlZUZhg7U2fnL9PTDQuHuKVOcjI2N8/NP9ztQV9cJ/v78TpVSqQDjKRBsMWignp48KnwhgC5d6isS7SV7efLmCAFKgBKgBCgBSoASoAQoN4A+ihegvT6FygRiG1B9dPWoiInsO7YB7VdF3eSH1jXWZBdQ5WJ8omRXXHJkrCgiBh31pZwSsQQobbq6V9RzBrNCoZDL5WKxWKifsSFzhF5dvcgc0bSioiIMgkwmQ/ukvhpLcpto1NW73CZNgz8rlUq0xGhI+mosyb6jUVfvsu80DfjRBuMA387sq7EkP5RGXb3LD9U0nI0RQDNEiuK+GtqiB/SD3qivWf3spqeu7hSRj9XQbAQoAcpu+x+7pXCM9I3zNAAAAABJRU5ErkJggg=="`;

exports[`plantuml renders a svg diagram 1`] = `"data:image/svg+xml,%3c%3fxml version='1.0' encoding='UTF-8' standalone='no'%3f%3e%3csvg xmlns='http://www.w3.org/2000/svg' xmlns:xlink='http://www.w3.org/1999/xlink' contentScriptType='application/ecmascript' contentStyleType='text/css' height='157px' preserveAspectRatio='none' style='width:113px%3bheight:157px%3b' version='1.1' viewBox='0 0 113 157' width='113px' zoomAndPan='magnify'%3e%3cdefs%3e%3cfilter height='300%25' id='fii913vv8i4cw' width='300%25' x='-1' y='-1'%3e%3cfeGaussianBlur result='blurOut' stdDeviation='2.0'/%3e%3cfeColorMatrix in='blurOut' result='blurOut2' type='matrix' values='0 0 0 0 0 0 0 0 0 0 0 0 0 0 0 0 0 0 .4 0'/%3e%3cfeOffset dx='4.0' dy='4.0' in='blurOut2' result='blurOut3'/%3e%3cfeBlend in='SourceGraphic' in2='blurOut3' mode='normal'/%3e%3c/filter%3e%3c/defs%3e%3cg%3e%3cline style='stroke: %23A80036%3b stroke-width: 1.0%3b stroke-dasharray: 5.0%2c5.0%3b' x1='22' x2='22' y1='38.4883' y2='117.1094'/%3e%3cline style='stroke: %23A80036%3b stroke-width: 1.0%3b stroke-dasharray: 5.0%2c5.0%3b' x1='93' x2='93' y1='38.4883' y2='117.1094'/%3e%3crect fill='%23FEFECE' filter='url(%23fii913vv8i4cw)' height='30.4883' style='stroke: %23A80036%3b stroke-width: 1.5%3b' width='24' x='8' y='3'/%3e%3ctext fill='black' font-family='sans-serif' font-size='14' lengthAdjust='spacingAndGlyphs' textLength='10' x='15' y='23.5352'%3eA%3c/text%3e%3crect fill='%23FEFECE' filter='url(%23fii913vv8i4cw)' height='30.4883' style='stroke: %23A80036%3b stroke-width: 1.5%3b' width='24' x='8' y='116.1094'/%3e%3ctext fill='black' font-family='sans-serif' font-size='14' lengthAdjust='spacingAndGlyphs' textLength='10' x='15' y='136.6445'%3eA%3c/text%3e%3crect fill='%23FEFECE' filter='url(%23fii913vv8i4cw)' height='30.4883' style='stroke: %23A80036%3b stroke-width: 1.5%3b' width='22' x='80' y='3'/%3e%3ctext fill='black' font-family='sans-serif' font-size='14' lengthAdjust='spacingAndGlyphs' textLength='8' x='87' y='23.5352'%3eB%3c/text%3e%3crect fill='%23FEFECE' filter='url(%23fii913vv8i4cw)' height='30.4883' style='stroke: %23A80036%3b stroke-width: 1.5%3b' width='22' x='80' y='116.1094'/%3e%3ctext fill='black' font-family='sans-serif' font-size='14' lengthAdjust='spacingAndGlyphs' textLength='8' x='87' y='136.6445'%3eB%3c/text%3e%3cpolygon fill='%23A80036' points='81%2c65.7988%2c91%2c69.7988%2c81%2c73.7988%2c85%2c69.7988' style='stroke: %23A80036%3b stroke-width: 1.0%3b'/%3e%3cline style='stroke: %23A80036%3b stroke-width: 1.0%3b stroke-dasharray: 2.0%2c2.0%3b' x1='22' x2='87' y1='69.7988' y2='69.7988'/%3e%3ctext fill='black' font-family='sans-serif' font-size='13' lengthAdjust='spacingAndGlyphs' textLength='47' x='29' y='65.0566'%3erequest%3c/text%3e%3cpolygon fill='%23A80036' points='33%2c95.1094%2c23%2c99.1094%2c33%2c103.1094%2c29%2c99.1094' style='stroke: %23A80036%3b stroke-width: 1.0%3b'/%3e%3cline style='stroke: %23A80036%3b stroke-width: 1.0%3b stroke-dasharray: 2.0%2c2.0%3b' x1='27' x2='92' y1='99.1094' y2='99.1094'/%3e%3ctext fill='black' font-family='sans-serif' font-size='13' lengthAdjust='spacingAndGlyphs' textLength='22' x='39' y='94.3672'%3eack%3c/text%3e%3c/g%3e%3c/svg%3e"`;
