// Jest Snapshot v1, https://goo.gl/fbAQLP

exports[`markdown-it-link renders graphs 1`] = `
"<h1>Links</h1>
<ul>
<li><a href=\\"https://github.com/\\" target=\\"_blank\\">source</a></li>
<li><a href=\\"https://github.com/\\" target=\\"_blank\\">https://github.com/</a></li>
<li><a href=\\"../../index.html\\">source</a></li>
<li><a href=\\"../../index.html\\">readme</a></li>
<li><a href=\\"../../index.html#link\\">readme</a></li>
<li><a href=\\"./fixture.html\\">fixture</a></li>
<li><a href=\\"./fixture.html#links\\">home</a></li>
</ul>
"
`;
